cover [WILDCARD]/coverage/ignore_range_directive.ts ... 100.000% (3/3)
