cover [WILDCARD]/coverage/ignore_file_directive.ts ... 100.000% (4/4)
