cover [WILDCARD]/coverage/ignore_next_directive.ts ... 100.000% (5/5)
